// Jest Snapshot v1, https://goo.gl/fbAQLP

exports[`Back component should render back 1`] = `
<span>
  <svg
    aria-hidden="true"
    className="svg-inline--fa fa-chevron-left fa-w-10 "
    data-for="tooltip-back"
    data-icon="chevron-left"
    data-prefix="fas"
    data-tip="Go Back"
    focusable="false"
    id="back-component"
    onClick={[Function]}
    role="img"
    style={Object {}}
    viewBox="0 0 320 512"
    xmlns="http://www.w3.org/2000/svg"
  >
    <path
      d="M34.52 239.03L228.87 44.69c9.37-9.37 24.57-9.37 33.94 0l22.67 22.67c9.36 9.36 9.37 24.52.04 33.9L131.49 256l154.02 154.75c9.34 9.38 9.32 24.54-.04 33.9l-22.67 22.67c-9.37 9.37-24.57 9.37-33.94 0L34.52 272.97c-9.37-9.37-9.37-24.57 0-33.94z"
      fill="currentColor"
      style={Object {}}
    />
  </svg>
  <div
    className="__react_component_tooltip place-bottom type-dark "
    data-id="tooltip"
    id="tooltip-back"
  />
</span>
`;
